// Jest Snapshot v1, https://goo.gl/fbAQLP

exports[`renders ./components/carousel/demo/basic.native.tsx correctly 1`] = `
<View
  style={
    Object {
      "marginTop": 30,
    }
  }
>
  <View
    style={
      Object {
        "paddingHorizontal": 15,
      }
    }
  >
    <Text
      accessible={true}
      allowFontScaling={true}
      disabled={false}
      ellipsizeMode="tail"
    >
      horizontal
    </Text>
    <View
      onLayout={[Function]}
      style={Object {}}
    >
      <RCTScrollView
        afterChange={[Function]}
        automaticallyAdjustContentInsets={false}
        autoplay={true}
        autoplayInterval={3000}
        bounces={true}
        contentContainerStyle={
          Object {
            "backgroundColor": "#fff",
          }
        }
        contentOffset={
          Object {
            "x": 0,
            "y": 0,
          }
        }
        directionalLockEnabled={true}
        dotActiveStyle={Object {}}
        dotStyle={Object {}}
        dots={true}
        horizontal={true}
        infinite={true}
        onMomentumScrollEnd={[Function]}
        onScrollBeginDrag={[Function]}
        onScrollEndDrag={[Function]}
        pagination={[Function]}
        pagingEnabled={true}
        removeClippedSubviews={false}
        scrollEventThrottle={100}
        selectedIndex={2}
        showsHorizontalScrollIndicator={false}
        showsVerticalScrollIndicator={false}
        style={
          Object {
            "backgroundColor": "#fff",
          }
        }
        styles={
          Object {
            "pagination": Object {
              "alignItems": "center",
              "position": "absolute",
            },
            "paginationX": Object {
              "bottom": 10,
              "left": 0,
              "right": 0,
            },
            "paginationY": Object {
              "bottom": 0,
              "right": 10,
              "top": 0,
            },
            "pointActiveStyle": Object {
              "backgroundColor": "#888",
            },
            "pointStyle": Object {
              "backgroundColor": "#cccccc",
              "borderRadius": 8,
              "height": 8,
              "width": 8,
            },
            "spaceStyle": Object {
              "marginHorizontal": 2.5,
              "marginVertical": 3,
            },
          }
        }
        vertical={false}
      >
        <View>
          <View
            onLayout={[Function]}
            style={
              Object {
                "width": 0,
              }
            }
          >
            <View
              style={
                Array [
                  Object {
                    "alignItems": "center",
                    "flexGrow": 1,
                    "height": 150,
                    "justifyContent": "center",
                  },
                  Object {
                    "backgroundColor": "fuchsia",
                  },
                ]
              }
            >
              <Text
                accessible={true}
                allowFontScaling={true}
                disabled={false}
                ellipsizeMode="tail"
              >
                Carousel 5
              </Text>
            </View>
          </View>
          <View
            onLayout={[Function]}
            style={
              Object {
                "width": 0,
              }
            }
          >
            <View
              style={
                Array [
                  Object {
                    "alignItems": "center",
                    "flexGrow": 1,
                    "height": 150,
                    "justifyContent": "center",
                  },
                  Object {
                    "backgroundColor": "red",
                  },
                ]
              }
            >
              <Text
                accessible={true}
                allowFontScaling={true}
                disabled={false}
                ellipsizeMode="tail"
              >
                Carousel 1
              </Text>
            </View>
          </View>
          <View
            onLayout={[Function]}
            style={
              Object {
                "width": 0,
              }
            }
          >
            <View
              style={
                Array [
                  Object {
                    "alignItems": "center",
                    "flexGrow": 1,
                    "height": 150,
                    "justifyContent": "center",
                  },
                  Object {
                    "backgroundColor": "blue",
                  },
                ]
              }
            >
              <Text
                accessible={true}
                allowFontScaling={true}
                disabled={false}
                ellipsizeMode="tail"
              >
                Carousel 2
              </Text>
            </View>
          </View>
          <View
            onLayout={[Function]}
            style={
              Object {
                "width": 0,
              }
            }
          >
            <View
              style={
                Array [
                  Object {
                    "alignItems": "center",
                    "flexGrow": 1,
                    "height": 150,
                    "justifyContent": "center",
                  },
                  Object {
                    "backgroundColor": "yellow",
                  },
                ]
              }
            >
              <Text
                accessible={true}
                allowFontScaling={true}
                disabled={false}
                ellipsizeMode="tail"
              >
                Carousel 3
              </Text>
            </View>
          </View>
          <View
            onLayout={[Function]}
            style={
              Object {
                "width": 0,
              }
            }
          >
            <View
              style={
                Array [
                  Object {
                    "alignItems": "center",
                    "flexGrow": 1,
                    "height": 150,
                    "justifyContent": "center",
                  },
                  Object {
                    "backgroundColor": "aqua",
                  },
                ]
              }
            >
              <Text
                accessible={true}
                allowFontScaling={true}
                disabled={false}
                ellipsizeMode="tail"
              >
                Carousel 4
              </Text>
            </View>
          </View>
          <View
            onLayout={[Function]}
            style={
              Object {
                "width": 0,
              }
            }
          >
            <View
              style={
                Array [
                  Object {
                    "alignItems": "center",
                    "flexGrow": 1,
                    "height": 150,
                    "justifyContent": "center",
                  },
                  Object {
                    "backgroundColor": "fuchsia",
                  },
                ]
              }
            >
              <Text
                accessible={true}
                allowFontScaling={true}
                disabled={false}
                ellipsizeMode="tail"
              >
                Carousel 5
              </Text>
            </View>
          </View>
          <View
            onLayout={[Function]}
            style={
              Object {
                "width": 0,
              }
            }
          >
            <View
              style={
                Array [
                  Object {
                    "alignItems": "center",
                    "flexGrow": 1,
                    "height": 150,
                    "justifyContent": "center",
                  },
                  Object {
                    "backgroundColor": "red",
                  },
                ]
              }
            >
              <Text
                accessible={true}
                allowFontScaling={true}
                disabled={false}
                ellipsizeMode="tail"
              >
                Carousel 1
              </Text>
            </View>
          </View>
        </View>
      </RCTScrollView>
      <View
        style={
          Array [
            Object {
              "alignItems": "center",
              "position": "absolute",
            },
            Object {
              "bottom": 10,
              "left": 0,
              "right": 0,
            },
          ]
        }
      >
        <View
          style={
            Object {
              "flexDirection": "row",
            }
          }
        >
          <View
            style={
              Array [
                Object {
                  "backgroundColor": "#cccccc",
                  "borderRadius": 8,
                  "height": 8,
                  "width": 8,
                },
                Object {
                  "marginHorizontal": 2.5,
                  "marginVertical": 3,
                },
                Object {},
                false,
                false,
              ]
            }
          />
          <View
            style={
              Array [
                Object {
                  "backgroundColor": "#cccccc",
                  "borderRadius": 8,
                  "height": 8,
                  "width": 8,
                },
                Object {
                  "marginHorizontal": 2.5,
                  "marginVertical": 3,
                },
                Object {},
                false,
                false,
              ]
            }
          />
          <View
            style={
              Array [
                Object {
                  "backgroundColor": "#cccccc",
                  "borderRadius": 8,
                  "height": 8,
                  "width": 8,
                },
                Object {
                  "marginHorizontal": 2.5,
                  "marginVertical": 3,
                },
                Object {},
                Object {
                  "backgroundColor": "#888",
                },
                Object {},
              ]
            }
          />
          <View
            style={
              Array [
                Object {
                  "backgroundColor": "#cccccc",
                  "borderRadius": 8,
                  "height": 8,
                  "width": 8,
                },
                Object {
                  "marginHorizontal": 2.5,
                  "marginVertical": 3,
                },
                Object {},
                false,
                false,
              ]
            }
          />
          <View
            style={
              Array [
                Object {
                  "backgroundColor": "#cccccc",
                  "borderRadius": 8,
                  "height": 8,
                  "width": 8,
                },
                Object {
                  "marginHorizontal": 2.5,
                  "marginVertical": 3,
                },
                Object {},
                false,
                false,
              ]
            }
          />
        </View>
      </View>
    </View>
    <Text
      accessible={true}
      allowFontScaling={true}
      disabled={false}
      ellipsizeMode="tail"
    >
      Carousel will adjust height based on content
    </Text>
    <Text
      accessible={true}
      allowFontScaling={true}
      disabled={false}
      ellipsizeMode="tail"
    >
      0
    </Text>
  </View>
  <View
    style={
      Object {
        "paddingHorizontal": 15,
      }
    }
  >
    <Text
      accessible={true}
      allowFontScaling={true}
      disabled={false}
      ellipsizeMode="tail"
    >
      vertical
    </Text>
    <View
      onLayout={[Function]}
      style={Object {}}
    >
      <RCTScrollView
        afterChange={[Function]}
        automaticallyAdjustContentInsets={false}
        autoplay={true}
        autoplayInterval={3000}
        bounces={true}
        contentContainerStyle={
          Object {
            "backgroundColor": "#fff",
          }
        }
        contentOffset={
          Object {
            "x": 0,
            "y": 0,
          }
        }
        directionalLockEnabled={true}
        dotActiveStyle={Object {}}
        dotStyle={Object {}}
        dots={true}
        horizontal={false}
        infinite={true}
        onMomentumScrollEnd={[Function]}
        onScrollBeginDrag={[Function]}
        onScrollEndDrag={[Function]}
        pagination={[Function]}
        pagingEnabled={true}
        removeClippedSubviews={false}
        scrollEventThrottle={100}
        selectedIndex={2}
        showsHorizontalScrollIndicator={false}
        showsVerticalScrollIndicator={false}
        style={
          Object {
            "backgroundColor": "#fff",
          }
        }
        styles={
          Object {
            "pagination": Object {
              "alignItems": "center",
              "position": "absolute",
            },
            "paginationX": Object {
              "bottom": 10,
              "left": 0,
              "right": 0,
            },
            "paginationY": Object {
              "bottom": 0,
              "right": 10,
              "top": 0,
            },
            "pointActiveStyle": Object {
              "backgroundColor": "#888",
            },
            "pointStyle": Object {
              "backgroundColor": "#cccccc",
              "borderRadius": 8,
              "height": 8,
              "width": 8,
            },
            "spaceStyle": Object {
              "marginHorizontal": 2.5,
              "marginVertical": 3,
            },
          }
        }
        vertical={true}
      >
        <View>
          <View
            onLayout={[Function]}
            style={
              Object {
                "width": 0,
              }
            }
          >
            <View
              style={
                Array [
                  Object {
                    "alignItems": "center",
                    "flexGrow": 1,
                    "height": 150,
                    "justifyContent": "center",
                  },
                  Object {
                    "backgroundColor": "fuchsia",
                  },
                ]
              }
            >
              <Text
                accessible={true}
                allowFontScaling={true}
                disabled={false}
                ellipsizeMode="tail"
              >
                Carousel 5
              </Text>
            </View>
          </View>
          <View
            onLayout={[Function]}
            style={
              Object {
                "width": 0,
              }
            }
          >
            <View
              style={
                Array [
                  Object {
                    "alignItems": "center",
                    "flexGrow": 1,
                    "height": 150,
                    "justifyContent": "center",
                  },
                  Object {
                    "backgroundColor": "red",
                  },
                ]
              }
            >
              <Text
                accessible={true}
                allowFontScaling={true}
                disabled={false}
                ellipsizeMode="tail"
              >
                Carousel 1
              </Text>
            </View>
          </View>
          <View
            onLayout={[Function]}
            style={
              Object {
                "width": 0,
              }
            }
          >
            <View
              style={
                Array [
                  Object {
                    "alignItems": "center",
                    "flexGrow": 1,
                    "height": 150,
                    "justifyContent": "center",
                  },
                  Object {
                    "backgroundColor": "blue",
                  },
                ]
              }
            >
              <Text
                accessible={true}
                allowFontScaling={true}
                disabled={false}
                ellipsizeMode="tail"
              >
                Carousel 2
              </Text>
            </View>
          </View>
          <View
            onLayout={[Function]}
            style={
              Object {
                "width": 0,
              }
            }
          >
            <View
              style={
                Array [
                  Object {
                    "alignItems": "center",
                    "flexGrow": 1,
                    "height": 150,
                    "justifyContent": "center",
                  },
                  Object {
                    "backgroundColor": "yellow",
                  },
                ]
              }
            >
              <Text
                accessible={true}
                allowFontScaling={true}
                disabled={false}
                ellipsizeMode="tail"
              >
                Carousel 3
              </Text>
            </View>
          </View>
          <View
            onLayout={[Function]}
            style={
              Object {
                "width": 0,
              }
            }
          >
            <View
              style={
                Array [
                  Object {
                    "alignItems": "center",
                    "flexGrow": 1,
                    "height": 150,
                    "justifyContent": "center",
                  },
                  Object {
                    "backgroundColor": "aqua",
                  },
                ]
              }
            >
              <Text
                accessible={true}
                allowFontScaling={true}
                disabled={false}
                ellipsizeMode="tail"
              >
                Carousel 4
              </Text>
            </View>
          </View>
          <View
            onLayout={[Function]}
            style={
              Object {
                "width": 0,
              }
            }
          >
            <View
              style={
                Array [
                  Object {
                    "alignItems": "center",
                    "flexGrow": 1,
                    "height": 150,
                    "justifyContent": "center",
                  },
                  Object {
                    "backgroundColor": "fuchsia",
                  },
                ]
              }
            >
              <Text
                accessible={true}
                allowFontScaling={true}
                disabled={false}
                ellipsizeMode="tail"
              >
                Carousel 5
              </Text>
            </View>
          </View>
          <View
            onLayout={[Function]}
            style={
              Object {
                "width": 0,
              }
            }
          >
            <View
              style={
                Array [
                  Object {
                    "alignItems": "center",
                    "flexGrow": 1,
                    "height": 150,
                    "justifyContent": "center",
                  },
                  Object {
                    "backgroundColor": "red",
                  },
                ]
              }
            >
              <Text
                accessible={true}
                allowFontScaling={true}
                disabled={false}
                ellipsizeMode="tail"
              >
                Carousel 1
              </Text>
            </View>
          </View>
        </View>
      </RCTScrollView>
      <View
        style={
          Array [
            Object {
              "alignItems": "center",
              "position": "absolute",
            },
            Object {
              "bottom": 0,
              "right": 10,
              "top": 0,
            },
          ]
        }
      >
        <View
          style={
            Object {
              "flexDirection": "column",
            }
          }
        >
          <View
            style={
              Array [
                Object {
                  "backgroundColor": "#cccccc",
                  "borderRadius": 8,
                  "height": 8,
                  "width": 8,
                },
                Object {
                  "marginHorizontal": 2.5,
                  "marginVertical": 3,
                },
                Object {},
                false,
                false,
              ]
            }
          />
          <View
            style={
              Array [
                Object {
                  "backgroundColor": "#cccccc",
                  "borderRadius": 8,
                  "height": 8,
                  "width": 8,
                },
                Object {
                  "marginHorizontal": 2.5,
                  "marginVertical": 3,
                },
                Object {},
                false,
                false,
              ]
            }
          />
          <View
            style={
              Array [
                Object {
                  "backgroundColor": "#cccccc",
                  "borderRadius": 8,
                  "height": 8,
                  "width": 8,
                },
                Object {
                  "marginHorizontal": 2.5,
                  "marginVertical": 3,
                },
                Object {},
                Object {
                  "backgroundColor": "#888",
                },
                Object {},
              ]
            }
          />
          <View
            style={
              Array [
                Object {
                  "backgroundColor": "#cccccc",
                  "borderRadius": 8,
                  "height": 8,
                  "width": 8,
                },
                Object {
                  "marginHorizontal": 2.5,
                  "marginVertical": 3,
                },
                Object {},
                false,
                false,
              ]
            }
          />
          <View
            style={
              Array [
                Object {
                  "backgroundColor": "#cccccc",
                  "borderRadius": 8,
                  "height": 8,
                  "width": 8,
                },
                Object {
                  "marginHorizontal": 2.5,
                  "marginVertical": 3,
                },
                Object {},
                false,
                false,
              ]
            }
          />
        </View>
      </View>
    </View>
    <Text
      accessible={true}
      allowFontScaling={true}
      disabled={false}
      ellipsizeMode="tail"
    >
      Use the height of the first child as the height of the Carousel
    </Text>
    <Text
      accessible={true}
      allowFontScaling={true}
      disabled={false}
      ellipsizeMode="tail"
    >
      0
    </Text>
  </View>
</View>
`;
