// Jest Snapshot v1, https://goo.gl/fbAQLP

exports[`renders ./components/popover/demo/basic.tsx correctly 1`] = `
<View>
  <View>
    <Text
      style={
        Object {
          "marginLeft": 100,
          "marginTop": 30,
        }
      }
    >
      选择了：
      
    </Text>
  </View>
  <View
    style={
      Object {
        "flexDirection": "row",
        "height": 400,
        "justifyContent": "flex-end",
        "paddingHorizontal": 5,
        "paddingVertical": 10,
      }
    }
  >
    <View
      onLayout={[Function]}
      style={
        Object {
          "flex": 1,
        }
      }
    >
      <View
        style={
          Object {
            "flex": 1,
            "margin": 50,
          }
        }
      >
        <View
          collapsable={false}
          style={
            Object {
              "backgroundColor": "#eee",
            }
          }
        >
          <View
            accessible={true}
            onResponderGrant={[Function]}
            onResponderMove={[Function]}
            onResponderRelease={[Function]}
            onResponderTerminate={[Function]}
            onResponderTerminationRequest={[Function]}
            onStartShouldSetResponder={[Function]}
            style={
              Object {
                "flexDirection": "row",
                "paddingHorizontal": 10,
              }
            }
          >
            <Text>
              菜单
            </Text>
          </View>
        </View>
      </View>
      <View
        accessible={true}
        onResponderGrant={[Function]}
        onResponderMove={[Function]}
        onResponderRelease={[Function]}
        onResponderTerminate={[Function]}
        onResponderTerminationRequest={[Function]}
        onStartShouldSetResponder={[Function]}
        style={
          Array [
            Object {
              "bottom": -1334,
              "left": 0,
              "opacity": 0,
              "position": "absolute",
              "top": 1334,
            },
            null,
          ]
        }
      />
    </View>
  </View>
</View>
`;
